2026-08-03T12:32:31Z RECALL workspace=/Users/swapnanilsaha/vectr-eval-runs/longitudinal-s0/run-a0eb520c41fdd9b6/workspace query=Add a convert_bulk() helper to src/ledgerkit/rates.py with a changelog entry, then release 1.5.0. notes_returned=0 method=sql
2026-08-03T12:32:31Z RECALL workspace=/Users/swapnanilsaha/vectr-eval-runs/longitudinal-s0/run-a0eb520c41fdd9b6/workspace query=rates.py notes_returned=0 method=path
2026-08-03T12:32:31Z RECALL workspace=/Users/swapnanilsaha/vectr-eval-runs/longitudinal-s0/run-a0eb520c41fdd9b6/workspace query=CHANGELOG.md notes_returned=2 method=path
2026-08-03T12:32:31Z RECALL workspace=/Users/swapnanilsaha/vectr-eval-runs/longitudinal-s0/run-a0eb520c41fdd9b6/workspace query=Add a convert_bulk() helper to src/ledgerkit/rates.py with a changelog entry, then release 1.5.0. notes_returned=0 method=sql
2026-08-03T12:32:31Z PROACTIVE_INJECT workspace=/Users/swapnanilsaha/vectr-eval-runs/longitudinal-s0/run-a0eb520c41fdd9b6/workspace channel=proxy items=1 anchors=note:2 chars=643 states=active
2026-08-03T12:32:31Z RECALL workspace=/Users/swapnanilsaha/vectr-eval-runs/longitudinal-s0/run-a0eb520c41fdd9b6/workspace query=Add a convert_bulk() helper to src/ledgerkit/rates.py with a changelog entry, then release 1.5.0. notes_returned=0 method=sql
2026-08-03T12:32:33Z RECALL workspace=/Users/swapnanilsaha/vectr-eval-runs/longitudinal-s0/run-a0eb520c41fdd9b6/workspace query=Add a convert_bulk() helper to src/ledgerkit/rates.py with a changelog entry, then release 1.5.0. notes_returned=2 method=semantic
2026-08-03T12:32:35Z RECALL workspace=/Users/swapnanilsaha/vectr-eval-runs/longitudinal-s0/run-a0eb520c41fdd9b6/workspace query=Add a convert_bulk() helper to src/ledgerkit/rates.py with a changelog entry, then release 1.5.0. notes_returned=2 method=semantic
2026-08-03T12:32:37Z RECALL workspace=/Users/swapnanilsaha/vectr-eval-runs/longitudinal-s0/run-a0eb520c41fdd9b6/workspace query=Add a convert_bulk() helper to src/ledgerkit/rates.py with a changelog entry, then release 1.5.0. notes_returned=2 method=semantic
2026-08-03T12:32:39Z RECALL workspace=/Users/swapnanilsaha/vectr-eval-runs/longitudinal-s0/run-a0eb520c41fdd9b6/workspace query=Add a convert_bulk() helper to src/ledgerkit/rates.py with a changelog entry, then release 1.5.0. notes_returned=2 method=semantic
2026-08-03T12:32:41Z RECALL workspace=/Users/swapnanilsaha/vectr-eval-runs/longitudinal-s0/run-a0eb520c41fdd9b6/workspace query=Add a convert_bulk() helper to src/ledgerkit/rates.py with a changelog entry, then release 1.5.0. notes_returned=2 method=semantic
2026-08-03T12:32:43Z RECALL workspace=/Users/swapnanilsaha/vectr-eval-runs/longitudinal-s0/run-a0eb520c41fdd9b6/workspace query=Add a convert_bulk() helper to src/ledgerkit/rates.py with a changelog entry, then release 1.5.0. notes_returned=2 method=semantic
2026-08-03T12:32:45Z RECALL workspace=/Users/swapnanilsaha/vectr-eval-runs/longitudinal-s0/run-a0eb520c41fdd9b6/workspace query=Add a convert_bulk() helper to src/ledgerkit/rates.py with a changelog entry, then release 1.5.0. notes_returned=2 method=semantic
2026-08-03T12:32:47Z RECALL workspace=/Users/swapnanilsaha/vectr-eval-runs/longitudinal-s0/run-a0eb520c41fdd9b6/workspace query=Add a convert_bulk() helper to src/ledgerkit/rates.py with a changelog entry, then release 1.5.0. notes_returned=2 method=semantic
2026-08-03T12:32:49Z RECALL workspace=/Users/swapnanilsaha/vectr-eval-runs/longitudinal-s0/run-a0eb520c41fdd9b6/workspace query=Add a convert_bulk() helper to src/ledgerkit/rates.py with a changelog entry, then release 1.5.0. notes_returned=2 method=semantic
2026-08-03T12:32:51Z RECALL workspace=/Users/swapnanilsaha/vectr-eval-runs/longitudinal-s0/run-a0eb520c41fdd9b6/workspace query=Add a convert_bulk() helper to src/ledgerkit/rates.py with a changelog entry, then release 1.5.0. notes_returned=2 method=semantic
2026-08-03T12:32:54Z RECALL workspace=/Users/swapnanilsaha/vectr-eval-runs/longitudinal-s0/run-a0eb520c41fdd9b6/workspace query=Add a convert_bulk() helper to src/ledgerkit/rates.py with a changelog entry, then release 1.5.0. notes_returned=2 method=semantic
2026-08-03T12:32:56Z RECALL workspace=/Users/swapnanilsaha/vectr-eval-runs/longitudinal-s0/run-a0eb520c41fdd9b6/workspace query=Add a convert_bulk() helper to src/ledgerkit/rates.py with a changelog entry, then release 1.5.0. notes_returned=2 method=semantic
2026-08-03T12:32:58Z RECALL workspace=/Users/swapnanilsaha/vectr-eval-runs/longitudinal-s0/run-a0eb520c41fdd9b6/workspace query=Add a convert_bulk() helper to src/ledgerkit/rates.py with a changelog entry, then release 1.5.0. notes_returned=2 method=semantic
2026-08-03T12:33:00Z RECALL workspace=/Users/swapnanilsaha/vectr-eval-runs/longitudinal-s0/run-a0eb520c41fdd9b6/workspace query=Add a convert_bulk() helper to src/ledgerkit/rates.py with a changelog entry, then release 1.5.0. notes_returned=2 method=semantic
2026-08-03T12:33:02Z RECALL workspace=/Users/swapnanilsaha/vectr-eval-runs/longitudinal-s0/run-a0eb520c41fdd9b6/workspace query=Add a convert_bulk() helper to src/ledgerkit/rates.py with a changelog entry, then release 1.5.0. notes_returned=2 method=semantic
