2026-08-03T19:19:45Z RECALL workspace=/Users/swapnanilsaha/vectr-eval-runs/longitudinal-s0/run-bb7dba135b25014b/workspace query=Add a convert_bulk() helper to src/ledgerkit/rates.py with a changelog entry, then release 1.5.0. notes_returned=0 method=sql
2026-08-03T19:19:45Z RECALL workspace=/Users/swapnanilsaha/vectr-eval-runs/longitudinal-s0/run-bb7dba135b25014b/workspace query=rates.py notes_returned=0 method=path
2026-08-03T19:19:45Z RECALL workspace=/Users/swapnanilsaha/vectr-eval-runs/longitudinal-s0/run-bb7dba135b25014b/workspace query=CHANGELOG.md notes_returned=1 method=path
2026-08-03T19:19:45Z RECALL workspace=/Users/swapnanilsaha/vectr-eval-runs/longitudinal-s0/run-bb7dba135b25014b/workspace query=Add a convert_bulk() helper to src/ledgerkit/rates.py with a changelog entry, then release 1.5.0. notes_returned=0 method=sql
2026-08-03T19:19:45Z PROACTIVE_INJECT workspace=/Users/swapnanilsaha/vectr-eval-runs/longitudinal-s0/run-bb7dba135b25014b/workspace channel=proxy items=1 anchors=note:1 chars=734 states=active
2026-08-03T19:19:52Z PROACTIVE_RETRIEVE workspace=/Users/swapnanilsaha/vectr-eval-runs/longitudinal-s0/run-bb7dba135b25014b/workspace channel=proxy items=1 anchors=note:1 chars=711 states=active token=5c06bd3733b7c22b
2026-08-03T19:19:59Z PROACTIVE_INJECT workspace=/Users/swapnanilsaha/vectr-eval-runs/longitudinal-s0/run-bb7dba135b25014b/workspace channel=proxy items=1 anchors=note:1 chars=711 states=active token=5c06bd3733b7c22b
2026-08-03T19:19:59Z RECALL workspace=/Users/swapnanilsaha/vectr-eval-runs/longitudinal-s0/run-bb7dba135b25014b/workspace query=rates.py notes_returned=0 method=path
2026-08-03T19:19:59Z RECALL workspace=/Users/swapnanilsaha/vectr-eval-runs/longitudinal-s0/run-bb7dba135b25014b/workspace query=__init__.py notes_returned=1 method=path
2026-08-03T19:19:59Z RECALL workspace=/Users/swapnanilsaha/vectr-eval-runs/longitudinal-s0/run-bb7dba135b25014b/workspace query=CHANGELOG.md notes_returned=1 method=path
2026-08-03T19:19:59Z RECALL workspace=/Users/swapnanilsaha/vectr-eval-runs/longitudinal-s0/run-bb7dba135b25014b/workspace query=pyproject.toml notes_returned=1 method=path
2026-08-03T19:19:59Z RECALL workspace=/Users/swapnanilsaha/vectr-eval-runs/longitudinal-s0/run-bb7dba135b25014b/workspace query=preflight.sh notes_returned=0 method=path
2026-08-03T19:19:59Z RECALL workspace=/Users/swapnanilsaha/vectr-eval-runs/longitudinal-s0/run-bb7dba135b25014b/workspace query=release.yml notes_returned=1 method=path
2026-08-03T19:20:12Z RECALL workspace=/Users/swapnanilsaha/vectr-eval-runs/longitudinal-s0/run-bb7dba135b25014b/workspace query=rates.py notes_returned=0 method=path
2026-08-03T19:20:12Z RECALL workspace=/Users/swapnanilsaha/vectr-eval-runs/longitudinal-s0/run-bb7dba135b25014b/workspace query=__init__.py notes_returned=1 method=path
2026-08-03T19:20:12Z RECALL workspace=/Users/swapnanilsaha/vectr-eval-runs/longitudinal-s0/run-bb7dba135b25014b/workspace query=CHANGELOG.md notes_returned=1 method=path
2026-08-03T19:20:12Z RECALL workspace=/Users/swapnanilsaha/vectr-eval-runs/longitudinal-s0/run-bb7dba135b25014b/workspace query=pyproject.toml notes_returned=1 method=path
2026-08-03T19:20:12Z RECALL workspace=/Users/swapnanilsaha/vectr-eval-runs/longitudinal-s0/run-bb7dba135b25014b/workspace query=preflight.sh notes_returned=0 method=path
2026-08-03T19:20:12Z RECALL workspace=/Users/swapnanilsaha/vectr-eval-runs/longitudinal-s0/run-bb7dba135b25014b/workspace query=release.yml notes_returned=1 method=path
2026-08-03T19:20:12Z RECALL workspace=/Users/swapnanilsaha/vectr-eval-runs/longitudinal-s0/run-bb7dba135b25014b/workspace query=ci.yml notes_returned=0 method=path
2026-08-03T19:20:29Z RECALL workspace=/Users/swapnanilsaha/vectr-eval-runs/longitudinal-s0/run-bb7dba135b25014b/workspace query=rates.py notes_returned=0 method=path
2026-08-03T19:20:29Z RECALL workspace=/Users/swapnanilsaha/vectr-eval-runs/longitudinal-s0/run-bb7dba135b25014b/workspace query=__init__.py notes_returned=1 method=path
2026-08-03T19:20:29Z RECALL workspace=/Users/swapnanilsaha/vectr-eval-runs/longitudinal-s0/run-bb7dba135b25014b/workspace query=CHANGELOG.md notes_returned=1 method=path
2026-08-03T19:20:29Z RECALL workspace=/Users/swapnanilsaha/vectr-eval-runs/longitudinal-s0/run-bb7dba135b25014b/workspace query=pyproject.toml notes_returned=1 method=path
2026-08-03T19:20:29Z RECALL workspace=/Users/swapnanilsaha/vectr-eval-runs/longitudinal-s0/run-bb7dba135b25014b/workspace query=preflight.sh notes_returned=0 method=path
2026-08-03T19:20:29Z RECALL workspace=/Users/swapnanilsaha/vectr-eval-runs/longitudinal-s0/run-bb7dba135b25014b/workspace query=release.yml notes_returned=1 method=path
2026-08-03T19:20:29Z RECALL workspace=/Users/swapnanilsaha/vectr-eval-runs/longitudinal-s0/run-bb7dba135b25014b/workspace query=ci.yml notes_returned=0 method=path
2026-08-03T19:20:33Z RECALL workspace=/Users/swapnanilsaha/vectr-eval-runs/longitudinal-s0/run-bb7dba135b25014b/workspace query=rates.py notes_returned=0 method=path
2026-08-03T19:20:33Z RECALL workspace=/Users/swapnanilsaha/vectr-eval-runs/longitudinal-s0/run-bb7dba135b25014b/workspace query=__init__.py notes_returned=1 method=path
2026-08-03T19:20:33Z RECALL workspace=/Users/swapnanilsaha/vectr-eval-runs/longitudinal-s0/run-bb7dba135b25014b/workspace query=CHANGELOG.md notes_returned=1 method=path
2026-08-03T19:20:33Z RECALL workspace=/Users/swapnanilsaha/vectr-eval-runs/longitudinal-s0/run-bb7dba135b25014b/workspace query=pyproject.toml notes_returned=1 method=path
2026-08-03T19:20:33Z RECALL workspace=/Users/swapnanilsaha/vectr-eval-runs/longitudinal-s0/run-bb7dba135b25014b/workspace query=preflight.sh notes_returned=0 method=path
2026-08-03T19:20:33Z RECALL workspace=/Users/swapnanilsaha/vectr-eval-runs/longitudinal-s0/run-bb7dba135b25014b/workspace query=release.yml notes_returned=1 method=path
2026-08-03T19:20:33Z RECALL workspace=/Users/swapnanilsaha/vectr-eval-runs/longitudinal-s0/run-bb7dba135b25014b/workspace query=ci.yml notes_returned=0 method=path
2026-08-03T19:20:39Z RECALL workspace=/Users/swapnanilsaha/vectr-eval-runs/longitudinal-s0/run-bb7dba135b25014b/workspace query=rates.py notes_returned=0 method=path
2026-08-03T19:20:39Z RECALL workspace=/Users/swapnanilsaha/vectr-eval-runs/longitudinal-s0/run-bb7dba135b25014b/workspace query=__init__.py notes_returned=1 method=path
2026-08-03T19:20:39Z RECALL workspace=/Users/swapnanilsaha/vectr-eval-runs/longitudinal-s0/run-bb7dba135b25014b/workspace query=CHANGELOG.md notes_returned=1 method=path
2026-08-03T19:20:39Z RECALL workspace=/Users/swapnanilsaha/vectr-eval-runs/longitudinal-s0/run-bb7dba135b25014b/workspace query=pyproject.toml notes_returned=1 method=path
2026-08-03T19:20:39Z RECALL workspace=/Users/swapnanilsaha/vectr-eval-runs/longitudinal-s0/run-bb7dba135b25014b/workspace query=preflight.sh notes_returned=0 method=path
2026-08-03T19:20:39Z RECALL workspace=/Users/swapnanilsaha/vectr-eval-runs/longitudinal-s0/run-bb7dba135b25014b/workspace query=release.yml notes_returned=1 method=path
2026-08-03T19:20:39Z RECALL workspace=/Users/swapnanilsaha/vectr-eval-runs/longitudinal-s0/run-bb7dba135b25014b/workspace query=ci.yml notes_returned=0 method=path
2026-08-03T19:20:42Z RECALL workspace=/Users/swapnanilsaha/vectr-eval-runs/longitudinal-s0/run-bb7dba135b25014b/workspace query=rates.py notes_returned=0 method=path
2026-08-03T19:20:42Z RECALL workspace=/Users/swapnanilsaha/vectr-eval-runs/longitudinal-s0/run-bb7dba135b25014b/workspace query=__init__.py notes_returned=1 method=path
2026-08-03T19:20:42Z RECALL workspace=/Users/swapnanilsaha/vectr-eval-runs/longitudinal-s0/run-bb7dba135b25014b/workspace query=CHANGELOG.md notes_returned=1 method=path
2026-08-03T19:20:42Z RECALL workspace=/Users/swapnanilsaha/vectr-eval-runs/longitudinal-s0/run-bb7dba135b25014b/workspace query=pyproject.toml notes_returned=1 method=path
2026-08-03T19:20:42Z RECALL workspace=/Users/swapnanilsaha/vectr-eval-runs/longitudinal-s0/run-bb7dba135b25014b/workspace query=preflight.sh notes_returned=0 method=path
2026-08-03T19:20:42Z RECALL workspace=/Users/swapnanilsaha/vectr-eval-runs/longitudinal-s0/run-bb7dba135b25014b/workspace query=release.yml notes_returned=1 method=path
2026-08-03T19:20:42Z RECALL workspace=/Users/swapnanilsaha/vectr-eval-runs/longitudinal-s0/run-bb7dba135b25014b/workspace query=ci.yml notes_returned=0 method=path
2026-08-03T19:20:45Z RECALL workspace=/Users/swapnanilsaha/vectr-eval-runs/longitudinal-s0/run-bb7dba135b25014b/workspace query=rates.py notes_returned=0 method=path
2026-08-03T19:20:45Z RECALL workspace=/Users/swapnanilsaha/vectr-eval-runs/longitudinal-s0/run-bb7dba135b25014b/workspace query=__init__.py notes_returned=1 method=path
2026-08-03T19:20:45Z RECALL workspace=/Users/swapnanilsaha/vectr-eval-runs/longitudinal-s0/run-bb7dba135b25014b/workspace query=CHANGELOG.md notes_returned=1 method=path
2026-08-03T19:20:45Z RECALL workspace=/Users/swapnanilsaha/vectr-eval-runs/longitudinal-s0/run-bb7dba135b25014b/workspace query=pyproject.toml notes_returned=1 method=path
2026-08-03T19:20:45Z RECALL workspace=/Users/swapnanilsaha/vectr-eval-runs/longitudinal-s0/run-bb7dba135b25014b/workspace query=preflight.sh notes_returned=0 method=path
2026-08-03T19:20:45Z RECALL workspace=/Users/swapnanilsaha/vectr-eval-runs/longitudinal-s0/run-bb7dba135b25014b/workspace query=release.yml notes_returned=1 method=path
2026-08-03T19:20:45Z RECALL workspace=/Users/swapnanilsaha/vectr-eval-runs/longitudinal-s0/run-bb7dba135b25014b/workspace query=ci.yml notes_returned=0 method=path
2026-08-03T19:20:56Z RECALL workspace=/Users/swapnanilsaha/vectr-eval-runs/longitudinal-s0/run-bb7dba135b25014b/workspace query=ci.yml notes_returned=0 method=path
2026-08-03T19:20:56Z RECALL workspace=/Users/swapnanilsaha/vectr-eval-runs/longitudinal-s0/run-bb7dba135b25014b/workspace query=rates.py notes_returned=0 method=path
2026-08-03T19:20:56Z RECALL workspace=/Users/swapnanilsaha/vectr-eval-runs/longitudinal-s0/run-bb7dba135b25014b/workspace query=CHANGELOG.md notes_returned=1 method=path
2026-08-03T19:20:56Z RECALL workspace=/Users/swapnanilsaha/vectr-eval-runs/longitudinal-s0/run-bb7dba135b25014b/workspace query=pyproject.toml notes_returned=1 method=path
2026-08-03T19:20:56Z RECALL workspace=/Users/swapnanilsaha/vectr-eval-runs/longitudinal-s0/run-bb7dba135b25014b/workspace query=__init__.py notes_returned=1 method=path
