2026-08-03T12:33:34Z RECALL workspace=/Users/swapnanilsaha/vectr-eval-runs/longitudinal-s0/run-00e30f00d322a59b/workspace query=Deploy the 1.2.0 tag to staging. notes_returned=0 method=sql
2026-08-03T12:33:34Z RECALL workspace=/Users/swapnanilsaha/vectr-eval-runs/longitudinal-s0/run-00e30f00d322a59b/workspace query=queue.yaml notes_returned=2 method=path
2026-08-03T12:33:34Z RECALL workspace=/Users/swapnanilsaha/vectr-eval-runs/longitudinal-s0/run-00e30f00d322a59b/workspace query=Deploy the 1.2.0 tag to staging. notes_returned=0 method=sql
2026-08-03T12:33:34Z PROACTIVE_INJECT workspace=/Users/swapnanilsaha/vectr-eval-runs/longitudinal-s0/run-00e30f00d322a59b/workspace channel=proxy items=1 anchors=note:1 chars=640 states=active
2026-08-03T12:33:34Z RECALL workspace=/Users/swapnanilsaha/vectr-eval-runs/longitudinal-s0/run-00e30f00d322a59b/workspace query=Deploy the 1.2.0 tag to staging. notes_returned=0 method=sql
2026-08-03T12:33:36Z RECALL workspace=/Users/swapnanilsaha/vectr-eval-runs/longitudinal-s0/run-00e30f00d322a59b/workspace query=Deploy the 1.2.0 tag to staging. notes_returned=2 method=semantic
2026-08-03T12:33:38Z RECALL workspace=/Users/swapnanilsaha/vectr-eval-runs/longitudinal-s0/run-00e30f00d322a59b/workspace query=Deploy the 1.2.0 tag to staging. notes_returned=2 method=semantic
2026-08-03T12:33:40Z RECALL workspace=/Users/swapnanilsaha/vectr-eval-runs/longitudinal-s0/run-00e30f00d322a59b/workspace query=Deploy the 1.2.0 tag to staging. notes_returned=2 method=semantic
2026-08-03T12:33:42Z RECALL workspace=/Users/swapnanilsaha/vectr-eval-runs/longitudinal-s0/run-00e30f00d322a59b/workspace query=Deploy the 1.2.0 tag to staging. notes_returned=2 method=semantic
2026-08-03T12:33:45Z RECALL workspace=/Users/swapnanilsaha/vectr-eval-runs/longitudinal-s0/run-00e30f00d322a59b/workspace query=Deploy the 1.2.0 tag to staging. notes_returned=2 method=semantic
2026-08-03T12:33:47Z RECALL workspace=/Users/swapnanilsaha/vectr-eval-runs/longitudinal-s0/run-00e30f00d322a59b/workspace query=Deploy the 1.2.0 tag to staging. notes_returned=2 method=semantic
2026-08-03T12:33:49Z RECALL workspace=/Users/swapnanilsaha/vectr-eval-runs/longitudinal-s0/run-00e30f00d322a59b/workspace query=Deploy the 1.2.0 tag to staging. notes_returned=2 method=semantic
2026-08-03T12:33:51Z RECALL workspace=/Users/swapnanilsaha/vectr-eval-runs/longitudinal-s0/run-00e30f00d322a59b/workspace query=Deploy the 1.2.0 tag to staging. notes_returned=2 method=semantic
2026-08-03T12:33:53Z RECALL workspace=/Users/swapnanilsaha/vectr-eval-runs/longitudinal-s0/run-00e30f00d322a59b/workspace query=Deploy the 1.2.0 tag to staging. notes_returned=2 method=semantic
2026-08-03T12:33:55Z RECALL workspace=/Users/swapnanilsaha/vectr-eval-runs/longitudinal-s0/run-00e30f00d322a59b/workspace query=Deploy the 1.2.0 tag to staging. notes_returned=2 method=semantic
2026-08-03T12:33:57Z RECALL workspace=/Users/swapnanilsaha/vectr-eval-runs/longitudinal-s0/run-00e30f00d322a59b/workspace query=Deploy the 1.2.0 tag to staging. notes_returned=2 method=semantic
2026-08-03T12:33:59Z RECALL workspace=/Users/swapnanilsaha/vectr-eval-runs/longitudinal-s0/run-00e30f00d322a59b/workspace query=Deploy the 1.2.0 tag to staging. notes_returned=2 method=semantic
2026-08-03T12:34:01Z RECALL workspace=/Users/swapnanilsaha/vectr-eval-runs/longitudinal-s0/run-00e30f00d322a59b/workspace query=Deploy the 1.2.0 tag to staging. notes_returned=2 method=semantic
2026-08-03T12:34:03Z RECALL workspace=/Users/swapnanilsaha/vectr-eval-runs/longitudinal-s0/run-00e30f00d322a59b/workspace query=Deploy the 1.2.0 tag to staging. notes_returned=2 method=semantic
2026-08-03T12:34:05Z RECALL workspace=/Users/swapnanilsaha/vectr-eval-runs/longitudinal-s0/run-00e30f00d322a59b/workspace query=Deploy the 1.2.0 tag to staging. notes_returned=2 method=semantic
2026-08-03T12:34:23Z RECALL workspace=/Users/swapnanilsaha/vectr-eval-runs/longitudinal-s0/run-00e30f00d322a59b/workspace query=deploy staging tag 1.2.0 notes_returned=2 method=semantic
2026-08-03T12:35:19Z REMEMBER workspace=/Users/swapnanilsaha/vectr-eval-runs/longitudinal-s0/run-00e30f00d322a59b/workspace note_id=3 priority=medium kind=task author_id= code_hash= tags=deploy,staging,queue,v1.2.0 chars=309 provenance=agent scope=workspace
