2026-08-03T19:36:21Z RECALL workspace=/Users/swapnanilsaha/vectr-eval-runs/longitudinal-s0/run-a0eb520c41fdd9b6/workspace query=Add a convert_bulk() helper to src/ledgerkit/rates.py with a changelog entry, then release 1.5.0. notes_returned=0 method=sql
2026-08-03T19:36:21Z RECALL workspace=/Users/swapnanilsaha/vectr-eval-runs/longitudinal-s0/run-a0eb520c41fdd9b6/workspace query=rates.py notes_returned=0 method=path
2026-08-03T19:36:21Z RECALL workspace=/Users/swapnanilsaha/vectr-eval-runs/longitudinal-s0/run-a0eb520c41fdd9b6/workspace query=CHANGELOG.md notes_returned=2 method=path
2026-08-03T19:36:21Z RECALL workspace=/Users/swapnanilsaha/vectr-eval-runs/longitudinal-s0/run-a0eb520c41fdd9b6/workspace query=Add a convert_bulk() helper to src/ledgerkit/rates.py with a changelog entry, then release 1.5.0. notes_returned=0 method=sql
2026-08-03T19:36:21Z PROACTIVE_INJECT workspace=/Users/swapnanilsaha/vectr-eval-runs/longitudinal-s0/run-a0eb520c41fdd9b6/workspace channel=proxy items=1 anchors=note:2 chars=643 states=active
2026-08-03T19:36:21Z RECALL workspace=/Users/swapnanilsaha/vectr-eval-runs/longitudinal-s0/run-a0eb520c41fdd9b6/workspace query=Add a convert_bulk() helper to src/ledgerkit/rates.py with a changelog entry, then release 1.5.0. notes_returned=0 method=sql
2026-08-03T19:36:23Z RECALL workspace=/Users/swapnanilsaha/vectr-eval-runs/longitudinal-s0/run-a0eb520c41fdd9b6/workspace query=Add a convert_bulk() helper to src/ledgerkit/rates.py with a changelog entry, then release 1.5.0. notes_returned=0 method=sql
2026-08-03T19:36:25Z RECALL workspace=/Users/swapnanilsaha/vectr-eval-runs/longitudinal-s0/run-a0eb520c41fdd9b6/workspace query=Add a convert_bulk() helper to src/ledgerkit/rates.py with a changelog entry, then release 1.5.0. notes_returned=2 method=semantic
2026-08-03T19:36:28Z RECALL workspace=/Users/swapnanilsaha/vectr-eval-runs/longitudinal-s0/run-a0eb520c41fdd9b6/workspace query=Add a convert_bulk() helper to src/ledgerkit/rates.py with a changelog entry, then release 1.5.0. notes_returned=2 method=semantic
2026-08-03T19:36:30Z RECALL workspace=/Users/swapnanilsaha/vectr-eval-runs/longitudinal-s0/run-a0eb520c41fdd9b6/workspace query=Add a convert_bulk() helper to src/ledgerkit/rates.py with a changelog entry, then release 1.5.0. notes_returned=2 method=semantic
2026-08-03T19:36:32Z RECALL workspace=/Users/swapnanilsaha/vectr-eval-runs/longitudinal-s0/run-a0eb520c41fdd9b6/workspace query=Add a convert_bulk() helper to src/ledgerkit/rates.py with a changelog entry, then release 1.5.0. notes_returned=2 method=semantic
2026-08-03T19:36:34Z RECALL workspace=/Users/swapnanilsaha/vectr-eval-runs/longitudinal-s0/run-a0eb520c41fdd9b6/workspace query=Add a convert_bulk() helper to src/ledgerkit/rates.py with a changelog entry, then release 1.5.0. notes_returned=2 method=semantic
2026-08-03T19:36:36Z RECALL workspace=/Users/swapnanilsaha/vectr-eval-runs/longitudinal-s0/run-a0eb520c41fdd9b6/workspace query=Add a convert_bulk() helper to src/ledgerkit/rates.py with a changelog entry, then release 1.5.0. notes_returned=2 method=semantic
2026-08-03T19:36:38Z RECALL workspace=/Users/swapnanilsaha/vectr-eval-runs/longitudinal-s0/run-a0eb520c41fdd9b6/workspace query=Add a convert_bulk() helper to src/ledgerkit/rates.py with a changelog entry, then release 1.5.0. notes_returned=2 method=semantic
2026-08-03T19:36:40Z RECALL workspace=/Users/swapnanilsaha/vectr-eval-runs/longitudinal-s0/run-a0eb520c41fdd9b6/workspace query=Add a convert_bulk() helper to src/ledgerkit/rates.py with a changelog entry, then release 1.5.0. notes_returned=2 method=semantic
2026-08-03T19:36:42Z RECALL workspace=/Users/swapnanilsaha/vectr-eval-runs/longitudinal-s0/run-a0eb520c41fdd9b6/workspace query=Add a convert_bulk() helper to src/ledgerkit/rates.py with a changelog entry, then release 1.5.0. notes_returned=2 method=semantic
2026-08-03T19:36:44Z RECALL workspace=/Users/swapnanilsaha/vectr-eval-runs/longitudinal-s0/run-a0eb520c41fdd9b6/workspace query=Add a convert_bulk() helper to src/ledgerkit/rates.py with a changelog entry, then release 1.5.0. notes_returned=2 method=semantic
2026-08-03T19:36:46Z RECALL workspace=/Users/swapnanilsaha/vectr-eval-runs/longitudinal-s0/run-a0eb520c41fdd9b6/workspace query=Add a convert_bulk() helper to src/ledgerkit/rates.py with a changelog entry, then release 1.5.0. notes_returned=2 method=semantic
2026-08-03T19:36:48Z RECALL workspace=/Users/swapnanilsaha/vectr-eval-runs/longitudinal-s0/run-a0eb520c41fdd9b6/workspace query=Add a convert_bulk() helper to src/ledgerkit/rates.py with a changelog entry, then release 1.5.0. notes_returned=2 method=semantic
2026-08-03T19:36:50Z RECALL workspace=/Users/swapnanilsaha/vectr-eval-runs/longitudinal-s0/run-a0eb520c41fdd9b6/workspace query=Add a convert_bulk() helper to src/ledgerkit/rates.py with a changelog entry, then release 1.5.0. notes_returned=2 method=semantic
2026-08-03T19:36:52Z RECALL workspace=/Users/swapnanilsaha/vectr-eval-runs/longitudinal-s0/run-a0eb520c41fdd9b6/workspace query=Add a convert_bulk() helper to src/ledgerkit/rates.py with a changelog entry, then release 1.5.0. notes_returned=2 method=semantic
