{
  "tier": "T3",
  "plan": [
    {
      "trajectory_id": null,
      "scenario": "release_via_ci",
      "seed": 0,
      "k": 1,
      "status": "leg1-cached"
    },
    {
      "trajectory_id": "release_via_ci-proxy-provenance-s0",
      "k": 2,
      "status": "already-done"
    },
    {
      "trajectory_id": "release_via_ci-proxy-provenance-s0",
      "k": 3,
      "status": "already-done"
    },
    {
      "trajectory_id": null,
      "scenario": "deploy_reverted_by_reconciler",
      "seed": 0,
      "k": 1,
      "status": "leg1-cached"
    },
    {
      "trajectory_id": "deploy_reverted_by_reconciler-proxy-provenance-s0",
      "k": 2,
      "status": "already-done"
    },
    {
      "trajectory_id": "deploy_reverted_by_reconciler-proxy-provenance-s0",
      "k": 3,
      "status": "already-done"
    },
    {
      "trajectory_id": "release_via_ci-proxy-verifiable-s0",
      "k": 2,
      "status": "done",
      "usd": 0.43422269999999996
    },
    {
      "trajectory_id": "release_via_ci-proxy-verifiable-s0",
      "k": 3,
      "status": "done",
      "usd": 0.36901530000000016
    }
  ],
  "spend_usd": 0.8,
  "budget_exhausted": false
}
