2026-08-03T12:18:11Z RECALL workspace=/Users/swapnanilsaha/vectr-eval-runs/longitudinal-s0/run-a0eb520c41fdd9b6/workspace query=Add a convert_bulk() helper to src/ledgerkit/rates.py with a changelog entry, then release 1.5.0. notes_returned=0 method=sql
2026-08-03T12:18:11Z RECALL workspace=/Users/swapnanilsaha/vectr-eval-runs/longitudinal-s0/run-a0eb520c41fdd9b6/workspace query=rates.py notes_returned=0 method=path
2026-08-03T12:18:11Z RECALL workspace=/Users/swapnanilsaha/vectr-eval-runs/longitudinal-s0/run-a0eb520c41fdd9b6/workspace query=CHANGELOG.md notes_returned=2 method=path
2026-08-03T12:18:11Z RECALL workspace=/Users/swapnanilsaha/vectr-eval-runs/longitudinal-s0/run-a0eb520c41fdd9b6/workspace query=Add a convert_bulk() helper to src/ledgerkit/rates.py with a changelog entry, then release 1.5.0. notes_returned=0 method=sql
2026-08-03T12:18:11Z PROACTIVE_INJECT workspace=/Users/swapnanilsaha/vectr-eval-runs/longitudinal-s0/run-a0eb520c41fdd9b6/workspace channel=proxy items=1 anchors=note:2 chars=643 states=active
2026-08-03T12:18:11Z RECALL workspace=/Users/swapnanilsaha/vectr-eval-runs/longitudinal-s0/run-a0eb520c41fdd9b6/workspace query=Add a convert_bulk() helper to src/ledgerkit/rates.py with a changelog entry, then release 1.5.0. notes_returned=0 method=sql
2026-08-03T12:18:13Z RECALL workspace=/Users/swapnanilsaha/vectr-eval-runs/longitudinal-s0/run-a0eb520c41fdd9b6/workspace query=Add a convert_bulk() helper to src/ledgerkit/rates.py with a changelog entry, then release 1.5.0. notes_returned=0 method=sql
2026-08-03T12:18:15Z RECALL workspace=/Users/swapnanilsaha/vectr-eval-runs/longitudinal-s0/run-a0eb520c41fdd9b6/workspace query=Add a convert_bulk() helper to src/ledgerkit/rates.py with a changelog entry, then release 1.5.0. notes_returned=2 method=semantic
2026-08-03T12:18:17Z RECALL workspace=/Users/swapnanilsaha/vectr-eval-runs/longitudinal-s0/run-a0eb520c41fdd9b6/workspace query=Add a convert_bulk() helper to src/ledgerkit/rates.py with a changelog entry, then release 1.5.0. notes_returned=2 method=semantic
2026-08-03T12:18:19Z RECALL workspace=/Users/swapnanilsaha/vectr-eval-runs/longitudinal-s0/run-a0eb520c41fdd9b6/workspace query=Add a convert_bulk() helper to src/ledgerkit/rates.py with a changelog entry, then release 1.5.0. notes_returned=2 method=semantic
2026-08-03T12:18:21Z RECALL workspace=/Users/swapnanilsaha/vectr-eval-runs/longitudinal-s0/run-a0eb520c41fdd9b6/workspace query=Add a convert_bulk() helper to src/ledgerkit/rates.py with a changelog entry, then release 1.5.0. notes_returned=2 method=semantic
2026-08-03T12:18:23Z RECALL workspace=/Users/swapnanilsaha/vectr-eval-runs/longitudinal-s0/run-a0eb520c41fdd9b6/workspace query=Add a convert_bulk() helper to src/ledgerkit/rates.py with a changelog entry, then release 1.5.0. notes_returned=2 method=semantic
2026-08-03T12:18:26Z RECALL workspace=/Users/swapnanilsaha/vectr-eval-runs/longitudinal-s0/run-a0eb520c41fdd9b6/workspace query=Add a convert_bulk() helper to src/ledgerkit/rates.py with a changelog entry, then release 1.5.0. notes_returned=2 method=semantic
2026-08-03T12:18:28Z RECALL workspace=/Users/swapnanilsaha/vectr-eval-runs/longitudinal-s0/run-a0eb520c41fdd9b6/workspace query=Add a convert_bulk() helper to src/ledgerkit/rates.py with a changelog entry, then release 1.5.0. notes_returned=2 method=semantic
2026-08-03T12:18:30Z RECALL workspace=/Users/swapnanilsaha/vectr-eval-runs/longitudinal-s0/run-a0eb520c41fdd9b6/workspace query=Add a convert_bulk() helper to src/ledgerkit/rates.py with a changelog entry, then release 1.5.0. notes_returned=2 method=semantic
2026-08-03T12:18:32Z RECALL workspace=/Users/swapnanilsaha/vectr-eval-runs/longitudinal-s0/run-a0eb520c41fdd9b6/workspace query=Add a convert_bulk() helper to src/ledgerkit/rates.py with a changelog entry, then release 1.5.0. notes_returned=2 method=semantic
2026-08-03T12:18:34Z RECALL workspace=/Users/swapnanilsaha/vectr-eval-runs/longitudinal-s0/run-a0eb520c41fdd9b6/workspace query=Add a convert_bulk() helper to src/ledgerkit/rates.py with a changelog entry, then release 1.5.0. notes_returned=2 method=semantic
2026-08-03T12:18:36Z RECALL workspace=/Users/swapnanilsaha/vectr-eval-runs/longitudinal-s0/run-a0eb520c41fdd9b6/workspace query=Add a convert_bulk() helper to src/ledgerkit/rates.py with a changelog entry, then release 1.5.0. notes_returned=2 method=semantic
2026-08-03T12:18:38Z RECALL workspace=/Users/swapnanilsaha/vectr-eval-runs/longitudinal-s0/run-a0eb520c41fdd9b6/workspace query=Add a convert_bulk() helper to src/ledgerkit/rates.py with a changelog entry, then release 1.5.0. notes_returned=2 method=semantic
2026-08-03T12:18:40Z RECALL workspace=/Users/swapnanilsaha/vectr-eval-runs/longitudinal-s0/run-a0eb520c41fdd9b6/workspace query=Add a convert_bulk() helper to src/ledgerkit/rates.py with a changelog entry, then release 1.5.0. notes_returned=2 method=semantic
2026-08-03T12:18:42Z RECALL workspace=/Users/swapnanilsaha/vectr-eval-runs/longitudinal-s0/run-a0eb520c41fdd9b6/workspace query=Add a convert_bulk() helper to src/ledgerkit/rates.py with a changelog entry, then release 1.5.0. notes_returned=2 method=semantic
